******************************************************************************
                  TI ARM Linker Unix v20.2.6                   
******************************************************************************
>> Linked Mon Aug  1 14:15:34 2022

OUTPUT FILE NAME:   <Lab8.out>
ENTRY POINT SYMBOL: "_c_int00_noargs"  address: 00000895


MEMORY CONFIGURATION

         name            origin    length      used     unused   attr    fill
----------------------  --------  ---------  --------  --------  ----  --------
  MAIN                  00000000   00040000  00000948  0003f6b8  R  X
  INFO                  00200000   00004000  00000000  00004000  R  X
  SRAM_CODE             01000000   00010000  00000224  0000fddc  RW X
  SRAM_DATA             20000000   00010000  00000224  0000fddc  RW  


SEGMENT ALLOCATION MAP

run origin  load origin   length   init length attrs members
----------  ----------- ---------- ----------- ----- -------
00000000    00000000    00000948   00000948    r-x
  00000000    00000000    000000e4   000000e4    r-- .intvecs
  000000e4    000000e4    00000824   00000824    r-x .text
  00000908    00000908    00000040   00000040    r-- .cinit
20000000    20000000    00000024   00000000    rw-
  20000000    20000000    0000001c   00000000    rw- .data
  2000001c    2000001c    00000008   00000000    rw- .bss
2000fe00    2000fe00    00000200   00000000    rw-
  2000fe00    2000fe00    00000200   00000000    rw- .stack


SECTION ALLOCATION MAP

 output                                  attributes/
section   page    origin      length       input sections
--------  ----  ----------  ----------   ----------------
.intvecs   0    00000000    000000e4     
                  00000000    000000e4     startup_msp432p401r_ccs.obj (.intvecs:retain)

.text      0    000000e4    00000824     
                  000000e4    00000334     main.obj (.text)
                  00000418    00000334     system_msp432p401r.obj (.text)
                  0000074c    0000009c     rtsv7M4_T_le_v4SPD16_eabi.lib : memcpy_t2.asm.obj (.text)
                  000007e8    00000068                                   : copy_decompress_lzss.c.obj (.text:decompress:lzss:__TI_decompress_lzss)
                  00000850    00000044                                   : autoinit.c.obj (.text:__TI_auto_init_nobinit_nopinit:__TI_auto_init_nobinit_nopinit)
                  00000894    00000034                                   : boot_cortex_m.c.obj (.text:_c_int00_noargs:_c_int00_noargs)
                  000008c8    0000001c                                   : copy_zero_init.c.obj (.text:decompress:ZI:__TI_zero_init_nomemset:__TI_zero_init_nomemset)
                  000008e4    0000000e                                   : copy_decompress_none.c.obj (.text:decompress:none:__TI_decompress_none)
                  000008f2    0000000e     startup_msp432p401r_ccs.obj (.text)
                  00000900    00000004     rtsv7M4_T_le_v4SPD16_eabi.lib : pre_init.c.obj (.text:_system_pre_init)
                  00000904    00000004                                   : exit.c.obj (.text:abort:abort)

.cinit     0    00000908    00000040     
                  00000908    0000001c     (.cinit..data.load) [load image, compression = lzss]
                  00000924    0000000c     (__TI_handler_table)
                  00000930    00000008     (.cinit..bss.load) [load image, compression = zero_init]
                  00000938    00000010     (__TI_cinit_table)

.init_array 
*          0    00000000    00000000     UNINITIALIZED

.binit     0    00000000    00000000     

.data      0    20000000    0000001c     UNINITIALIZED
                  20000000    00000018     main.obj (.data)
                  20000018    00000004     system_msp432p401r.obj (.data)

.bss       0    2000001c    00000008     UNINITIALIZED
                  2000001c    00000004     (.common:adc_result)
                  20000020    00000004     (.common:i)

.stack     0    2000fe00    00000200     UNINITIALIZED
                  2000fe00    00000004     rtsv7M4_T_le_v4SPD16_eabi.lib : boot_cortex_m.c.obj (.stack)
                  2000fe04    000001fc     --HOLE--

__llvm_prf_cnts 
*          0    20000000    00000000     UNINITIALIZED

MODULE SUMMARY

       Module                        code   ro data   rw data
       ------                        ----   -------   -------
    ./
       main.obj                      820    0         64     
       system_msp432p401r.obj        820    0         8      
       startup_msp432p401r_ccs.obj   14     228       0      
    +--+-----------------------------+------+---------+---------+
       Total:                        1654   228       72     
                                                             
    /Applications/ti/ccs1120/ccs/tools/compiler/ti-cgt-arm_20.2.6.LTS/lib/rtsv7M4_T_le_v4SPD16_eabi.lib
       memcpy_t2.asm.obj             156    0         0      
       copy_decompress_lzss.c.obj    104    0         0      
       autoinit.c.obj                68     0         0      
       boot_cortex_m.c.obj           52     0         0      
       copy_zero_init.c.obj          28     0         0      
       copy_decompress_none.c.obj    14     0         0      
       exit.c.obj                    4      0         0      
       pre_init.c.obj                4      0         0      
    +--+-----------------------------+------+---------+---------+
       Total:                        430    0         0      
                                                             
       Stack:                        0      0         1024   
       Linker Generated:             0      64        0      
    +--+-----------------------------+------+---------+---------+
       Grand Total:                  2084   292       1096   


LINKER GENERATED COPY TABLES

__TI_cinit_table @ 00000938 records: 2, size/record: 8, table size: 16
	.data: load addr=00000908, load size=0000001c bytes, run addr=20000000, run size=0000001c bytes, compression=lzss
	.bss: load addr=00000930, load size=00000008 bytes, run addr=2000001c, run size=00000008 bytes, compression=zero_init


LINKER GENERATED HANDLER TABLE

__TI_handler_table @ 00000924 records: 3, size/record: 4, table size: 12
	index: 0, handler: __TI_decompress_lzss
	index: 1, handler: __TI_decompress_none
	index: 2, handler: __TI_zero_init


GLOBAL SYMBOLS: SORTED ALPHABETICALLY BY Name 

address   name                          
-------   ----                          
20000008  ADC14_Control0_off            
2000000c  ADC14_Control0_on             
20000010  ADC14_Control1                
000008ff  ADC14_IRQHandler              
20000014  ADC14_MCTXx                   
000008ff  AES256_IRQHandler             
000008ff  BusFault_Handler              
00000905  C$$EXIT                       
000008ff  COMP_E0_IRQHandler            
000008ff  COMP_E1_IRQHandler            
000008ff  CS_IRQHandler                 
000008ff  DMA_ERR_IRQHandler            
000008ff  DMA_INT0_IRQHandler           
000008ff  DMA_INT1_IRQHandler           
000008ff  DMA_INT2_IRQHandler           
000008ff  DMA_INT3_IRQHandler           
000008ff  DebugMon_Handler              
000008ff  Default_Handler               
000008ff  EUSCIA0_IRQHandler            
000008ff  EUSCIA1_IRQHandler            
000008ff  EUSCIA2_IRQHandler            
000008ff  EUSCIA3_IRQHandler            
000008ff  EUSCIB0_IRQHandler            
000008ff  EUSCIB1_IRQHandler            
000008ff  EUSCIB2_IRQHandler            
000008ff  EUSCIB3_IRQHandler            
000008ff  FLCTL_IRQHandler              
000008ff  FPU_IRQHandler                
000008ff  HardFault_Handler             
000008ff  MemManage_Handler             
000008ff  NMI_Handler                   
000008ff  PCM_IRQHandler                
000002af  PORT1_IRQHandler              
000002af  PORT1_IRQHandler              
000008ff  PORT2_IRQHandler              
000008ff  PORT3_IRQHandler              
000008ff  PORT4_IRQHandler              
000008ff  PORT5_IRQHandler              
000008ff  PORT6_IRQHandler              
000008ff  PSS_IRQHandler                
000008ff  PendSV_Handler                
000008ff  RTC_C_IRQHandler              
000008f3  Reset_Handler                 
000008ff  SVC_Handler                   
000008ff  SysTick_Handler               
20000018  SystemCoreClock               
00000419  SystemCoreClockUpdate         
00000691  SystemInit                    
000008ff  T32_INT1_IRQHandler           
000008ff  T32_INT2_IRQHandler           
000008ff  T32_INTC_IRQHandler           
000008ff  TA0_0_IRQHandler              
000008ff  TA0_N_IRQHandler              
000008ff  TA1_0_IRQHandler              
000008ff  TA1_N_IRQHandler              
000008ff  TA2_0_IRQHandler              
000008ff  TA2_N_IRQHandler              
000008ff  TA3_0_IRQHandler              
000008ff  TA3_N_IRQHandler              
000008ff  UsageFault_Handler            
4000480c  WDTCTL_SYM                    
000008ff  WDT_A_IRQHandler              
20010000  __STACK_END                   
00000200  __STACK_SIZE                  
00000938  __TI_CINIT_Base               
00000948  __TI_CINIT_Limit              
00000924  __TI_Handler_Table_Base       
00000930  __TI_Handler_Table_Limit      
00000851  __TI_auto_init_nobinit_nopinit
000007e9  __TI_decompress_lzss          
000008e5  __TI_decompress_none          
ffffffff  __TI_pprof_out_hndl           
ffffffff  __TI_prof_data_size           
ffffffff  __TI_prof_data_start          
00000000  __TI_static_base__            
000008c9  __TI_zero_init_nomemset       
0000074d  __aeabi_memcpy                
0000074d  __aeabi_memcpy4               
0000074d  __aeabi_memcpy8               
ffffffff  __binit__                     
ffffffff  __c_args__                    
UNDEFED   __mpu_init                    
2000fe00  __stack                       
20000000  __start___llvm_prf_cnts       
20000000  __stop___llvm_prf_cnts        
00000895  _c_int00_noargs               
UNDEFED   _system_post_cinit            
00000901  _system_pre_init              
00000905  abort                         
2000001c  adc_result                    
ffffffff  binit                         
000000e5  cycle_thru                    
00000257  flash_only                    
20000020  i                             
00000000  interruptVectors              
20000004  led_3bits                     
20000000  lowest_bit_of_adc_to_show     
0000015f  main                          
0000074d  memcpy                        


GLOBAL SYMBOLS: SORTED BY Symbol Address 

address   name                          
-------   ----                          
00000000  __TI_static_base__            
00000000  interruptVectors              
000000e5  cycle_thru                    
0000015f  main                          
00000200  __STACK_SIZE                  
00000257  flash_only                    
000002af  PORT1_IRQHandler              
000002af  PORT1_IRQHandler              
00000419  SystemCoreClockUpdate         
00000691  SystemInit                    
0000074d  __aeabi_memcpy                
0000074d  __aeabi_memcpy4               
0000074d  __aeabi_memcpy8               
0000074d  memcpy                        
000007e9  __TI_decompress_lzss          
00000851  __TI_auto_init_nobinit_nopinit
00000895  _c_int00_noargs               
000008c9  __TI_zero_init_nomemset       
000008e5  __TI_decompress_none          
000008f3  Reset_Handler                 
000008ff  ADC14_IRQHandler              
000008ff  AES256_IRQHandler             
000008ff  BusFault_Handler              
000008ff  COMP_E0_IRQHandler            
000008ff  COMP_E1_IRQHandler            
000008ff  CS_IRQHandler                 
000008ff  DMA_ERR_IRQHandler            
000008ff  DMA_INT0_IRQHandler           
000008ff  DMA_INT1_IRQHandler           
000008ff  DMA_INT2_IRQHandler           
000008ff  DMA_INT3_IRQHandler           
000008ff  DebugMon_Handler              
000008ff  Default_Handler               
000008ff  EUSCIA0_IRQHandler            
000008ff  EUSCIA1_IRQHandler            
000008ff  EUSCIA2_IRQHandler            
000008ff  EUSCIA3_IRQHandler            
000008ff  EUSCIB0_IRQHandler            
000008ff  EUSCIB1_IRQHandler            
000008ff  EUSCIB2_IRQHandler            
000008ff  EUSCIB3_IRQHandler            
000008ff  FLCTL_IRQHandler              
000008ff  FPU_IRQHandler                
000008ff  HardFault_Handler             
000008ff  MemManage_Handler             
000008ff  NMI_Handler                   
000008ff  PCM_IRQHandler                
000008ff  PORT2_IRQHandler              
000008ff  PORT3_IRQHandler              
000008ff  PORT4_IRQHandler              
000008ff  PORT5_IRQHandler              
000008ff  PORT6_IRQHandler              
000008ff  PSS_IRQHandler                
000008ff  PendSV_Handler                
000008ff  RTC_C_IRQHandler              
000008ff  SVC_Handler                   
000008ff  SysTick_Handler               
000008ff  T32_INT1_IRQHandler           
000008ff  T32_INT2_IRQHandler           
000008ff  T32_INTC_IRQHandler           
000008ff  TA0_0_IRQHandler              
000008ff  TA0_N_IRQHandler              
000008ff  TA1_0_IRQHandler              
000008ff  TA1_N_IRQHandler              
000008ff  TA2_0_IRQHandler              
000008ff  TA2_N_IRQHandler              
000008ff  TA3_0_IRQHandler              
000008ff  TA3_N_IRQHandler              
000008ff  UsageFault_Handler            
000008ff  WDT_A_IRQHandler              
00000901  _system_pre_init              
00000905  C$$EXIT                       
00000905  abort                         
00000924  __TI_Handler_Table_Base       
00000930  __TI_Handler_Table_Limit      
00000938  __TI_CINIT_Base               
00000948  __TI_CINIT_Limit              
20000000  __start___llvm_prf_cnts       
20000000  __stop___llvm_prf_cnts        
20000000  lowest_bit_of_adc_to_show     
20000004  led_3bits                     
20000008  ADC14_Control0_off            
2000000c  ADC14_Control0_on             
20000010  ADC14_Control1                
20000014  ADC14_MCTXx                   
20000018  SystemCoreClock               
2000001c  adc_result                    
20000020  i                             
2000fe00  __stack                       
20010000  __STACK_END                   
4000480c  WDTCTL_SYM                    
ffffffff  __TI_pprof_out_hndl           
ffffffff  __TI_prof_data_size           
ffffffff  __TI_prof_data_start          
ffffffff  __binit__                     
ffffffff  __c_args__                    
ffffffff  binit                         
UNDEFED   __mpu_init                    
UNDEFED   _system_post_cinit            

[99 symbols]
